mvnw.cmd -Didea.version=2025.3.1 -Dmaven.ext.class.path=C:\Users\athom\AppData\Roaming\JetBrains\IntelliJIdea2025.3\plugins\maven\lib\maven-event-listener.jar -Djansi.passthrough=true -Dstyle.color=always -P !production -Dmaven.repo.local=C:\Users\athom\.m2\repository spring-boot:run -f pom.xml
Picked up JAVA_TOOL_OPTIONS: -Dfile.encoding=IBM850
[INFO] Scanning for projects...
[INFO]
[INFO] --------------------------< com.quizz:quizz1 >--------------------------
[INFO] Building quizz1 1.2
[INFO]   from pom.xml
[INFO] --------------------------------[ jar ]---------------------------------
[INFO]
[INFO] >>> spring-boot:3.5.8:run (default-cli) > test-compile @ quizz1 >>>
[INFO]
[INFO] --- resources:3.3.1:resources (default-resources) @ quizz1 ---
[INFO] Copying 1 resource from src\main\resources to target\classes
[INFO] Copying 17 resources from src\main\resources to target\classes
[INFO]
[INFO] --- vaadin:24.9.6:prepare-frontend (default) @ quizz1 ---
[INFO] Reflections took 1823 ms to scan 249 urls, producing 15114 keys and 68062 values
[INFO] Visited 124 classes. Took 127 ms.
[INFO] Copying frontend resources from jar files ...
[INFO] Visited 251 resources. Took 156 ms.
[INFO]
[INFO] --- compiler:3.11.0:compile (default-compile) @ quizz1 ---
[INFO] Nothing to compile - all classes are up to date
[INFO]
[INFO] --- resources:3.3.1:testResources (default-testResources) @ quizz1 ---
[INFO] skip non existing resourceDirectory C:\Users\athom\IdeaProjects\quizz1\src\test\resources
[INFO]
[INFO] --- compiler:3.11.0:testCompile (default-testCompile) @ quizz1 ---
[INFO] Nothing to compile - all classes are up to date
[INFO]
[INFO] <<< spring-boot:3.5.8:run (default-cli) < test-compile @ quizz1 <<<
[INFO]
[INFO]
[INFO] --- spring-boot:3.5.8:run (default-cli) @ quizz1 ---
[INFO] Attaching agents: []
Picked up JAVA_TOOL_OPTIONS: -Dfile.encoding=IBM850

  .   ____          _            __ _ _
 /\\ / ___'_ __ _ _(_)_ __  __ _ \ \ \ \
( ( )\___ | '_ | '_| | '_ \/ _` | \ \ \ \
 \\/  ___)| |_)| | | | | || (_| |  ) ) ) )
  '  |____| .__|_| |_|_| |_\__, | / / / /
 =========|_|==============|___/=/_/_/_/

 :: Spring Boot ::                (v3.5.8)

2025-12-19T03:31:05.848+01:00  INFO 12376 --- [           main] com.quizz.Application                    : Starting Application using Java 23.0.2 with PID 12376 (C:\Users\athom\IdeaProjects\quizz1\target\classes started by athom in C:\Users\athom\IdeaProjects\quizz1)
2025-12-19T03:31:05.848+01:00  INFO 12376 --- [           main] com.quizz.Application                    : No active profile set, falling back to 1 default profile: "default"
2025-12-19T03:31:06.567+01:00  INFO 12376 --- [           main] .s.d.r.c.RepositoryConfigurationDelegate : Bootstrapping Spring Data JPA repositories in DEFAULT mode.
2025-12-19T03:31:06.697+01:00  INFO 12376 --- [           main] .s.d.r.c.RepositoryConfigurationDelegate : Finished Spring Data repository scanning in 119 ms. Found 7 JPA repository interfaces.
2025-12-19T03:31:07.198+01:00  INFO 12376 --- [           main] o.s.b.w.embedded.tomcat.TomcatWebServer  : Tomcat initialized with port 8089 (http)
2025-12-19T03:31:07.206+01:00  INFO 12376 --- [           main] o.apache.catalina.core.StandardService   : Starting service [Tomcat]
2025-12-19T03:31:07.206+01:00  INFO 12376 --- [           main] o.apache.catalina.core.StandardEngine    : Starting Servlet engine: [Apache Tomcat/10.1.49]
2025-12-19T03:31:07.264+01:00  INFO 12376 --- [           main] o.a.c.c.C.[Tomcat].[localhost].[/]       : Initializing Spring embedded WebApplicationContext
2025-12-19T03:31:07.264+01:00  INFO 12376 --- [           main] w.s.c.ServletWebServerApplicationContext : Root WebApplicationContext: initialization completed in 1367 ms
2025-12-19T03:31:07.405+01:00  INFO 12376 --- [           main] o.a.c.c.C.[Tomcat].[localhost].[/]       : Initializing AtmosphereFramework
2025-12-19T03:31:07.706+01:00  INFO 12376 --- [           main] o.hibernate.jpa.internal.util.LogHelper  : HHH000204: Processing PersistenceUnitInfo [name: default]
2025-12-19T03:31:07.744+01:00  INFO 12376 --- [           main] org.hibernate.Version                    : HHH000412: Hibernate ORM core version 6.6.36.Final
2025-12-19T03:31:07.756+01:00  INFO 12376 --- [           main] o.h.c.internal.RegionFactoryInitiator    : HHH000026: Second-level cache disabled
2025-12-19T03:31:07.979+01:00  INFO 12376 --- [           main] o.s.o.j.p.SpringPersistenceUnitInfo      : No LoadTimeWeaver setup: ignoring JPA class transformer
2025-12-19T03:31:08.005+01:00  INFO 12376 --- [           main] com.zaxxer.hikari.HikariDataSource       : HikariPool-1 - Starting...
2025-12-19T03:31:08.141+01:00  INFO 12376 --- [           main] com.zaxxer.hikari.pool.HikariPool        : HikariPool-1 - Added connection conn0: url=jdbc:h2:mem:1b09d9e5-3005-4c75-8cf6-04f4beb0aa1d user=SA
2025-12-19T03:31:08.141+01:00  INFO 12376 --- [           main] com.zaxxer.hikari.HikariDataSource       : HikariPool-1 - Start completed.
2025-12-19T03:31:08.183+01:00  INFO 12376 --- [           main] org.hibernate.orm.connections.pooling    : HHH10001005: Database info:
	Database JDBC URL [Connecting through datasource 'HikariDataSource (HikariPool-1)']
	Database driver: undefined/unknown
	Database version: 2.3.232
	Autocommit mode: undefined/unknown
	Isolation level: undefined/unknown
	Minimum pool size: undefined/unknown
	Maximum pool size: undefined/unknown
2025-12-19T03:31:09.017+01:00  INFO 12376 --- [           main] o.h.e.t.j.p.i.JtaPlatformInitiator       : HHH000489: No JTA platform available (set 'hibernate.transaction.jta.platform' to enable JTA platform integration)
2025-12-19T03:31:09.060+01:00  INFO 12376 --- [           main] j.LocalContainerEntityManagerFactoryBean : Initialized JPA EntityManagerFactory for persistence unit 'default'
2025-12-19T03:31:09.279+01:00  INFO 12376 --- [           main] o.s.d.j.r.query.QueryEnhancerFactory     : Hibernate is in classpath; If applicable, HQL parser will be used.
2025-12-19T03:31:09.680+01:00  INFO 12376 --- [           main] com.quizz.core.QuizDataInitializer       : Initializing quiz data from JSON file...
2025-12-19T03:31:09.821+01:00  INFO 12376 --- [           main] com.quizz.core.QuizDataInitializer       : Quiz 'General Knowledge' initialized with 10 questions
2025-12-19T03:31:09.859+01:00  INFO 12376 --- [           main] com.quizz.core.QuizDataInitializer       : Quiz 'Physics' initialized with 10 questions
2025-12-19T03:31:09.948+01:00  INFO 12376 --- [           main] com.quizz.core.QuizDataInitializer       : Quiz 'US Civil War' initialized with 100 questions
2025-12-19T03:31:09.964+01:00  INFO 12376 --- [           main] com.quizz.core.QuizDataInitializer       : Quiz 'Painting' initialized with 10 questions
2025-12-19T03:31:10.210+01:00  INFO 12376 --- [           main] com.quizz.core.QuizDataInitializer       : Quiz 'French Revolution' initialized with 1000 questions
2025-12-19T03:31:10.264+01:00  INFO 12376 --- [           main] com.quizz.core.QuizDataInitializer       : Quiz 'French Literature' initialized with 500 questions
2025-12-19T03:31:10.266+01:00  INFO 12376 --- [           main] com.quizz.core.QuizDataInitializer       : Quiz 'Famous Battles' initialized with 10 questions
2025-12-19T03:31:10.266+01:00  INFO 12376 --- [           main] com.quizz.core.QuizDataInitializer       : All quiz data initialized successfully
2025-12-19T03:31:10.472+01:00  WARN 12376 --- [           main] JpaBaseConfiguration$JpaWebConfiguration : spring.jpa.open-in-view is enabled by default. Therefore, database queries may be performed during view rendering. Explicitly configure spring.jpa.open-in-view to disable this warning
2025-12-19T03:31:13.712+01:00  INFO 12376 --- [           main] c.v.f.s.DefaultDeploymentConfiguration   : Vaadin is running in production mode.
2025-12-19T03:31:13.732+01:00  INFO 12376 --- [           main] c.vaadin.flow.spring.SpringInstantiator  : The number of beans implementing 'I18NProvider' is 0. Cannot use Spring beans for I18N, falling back to the default behavior
2025-12-19T03:31:13.810+01:00  INFO 12376 --- [           main] o.s.b.w.embedded.tomcat.TomcatWebServer  : Tomcat started on port 8089 (http) with context path '/'
2025-12-19T03:31:13.814+01:00  INFO 12376 --- [           main] com.quizz.Application                    : Started Application in 8.314 seconds (process running for 8.72)
Test user created: test@example.com / password123
2025-12-19T03:31:16.374+01:00  INFO 12376 --- [138-8089-exec-1] o.a.c.c.C.[Tomcat].[localhost].[/]       : Initializing Spring DispatcherServlet 'dispatcherServlet'
2025-12-19T03:31:16.374+01:00  INFO 12376 --- [138-8089-exec-1] o.s.web.servlet.DispatcherServlet        : Initializing Servlet 'dispatcherServlet'
2025-12-19T03:31:16.390+01:00  INFO 12376 --- [138-8089-exec-1] o.s.web.servlet.DispatcherServlet        : Completed initialization in 16 ms
2025-12-19T03:31:32.534+01:00  INFO 12376 --- [138-8089-exec-3] com.quizz.core.ui.QuizQuestionView       : Starting quiz - ID: 7, Total questions: 5, Random questions selected: 5
2025-12-19T03:31:32.551+01:00  INFO 12376 --- [138-8089-exec-3] com.quizz.core.ui.QuizQuestionView       : Starting new timer - timerId: 1766111492551 runId: 1
2025-12-19T03:31:57.326+01:00  INFO 12376 --- [38-8089-exec-10] com.quizz.core.ui.QuizQuestionView       : Starting new timer - timerId: 1766111517326 runId: 2
